[07:17:11] === 专家代理启动 scenario=B channel=28ab0e17 ===
[07:19:47] ────────────────────────────────────
[07:19:47] 🙋 审批单 ap-90630dfd title=整包方案审批:演示配方2
[07:19:47] 📄 detail:
   整包方案审批:配方「演示配方2」v4(产线 演示线2·熔体泵送单元(OPC UA)),1 套候选方案。请在产线页结构化审批卡选择方案批准(或拒绝并附指导);未携带方案序号的批准按拒绝收敛。
   方案「工况B首步·降速-3rpm(139→136)」:下游切换低粘度牌号,需降泵送压力:GOAL=dn-121838ac 3min均值≤15.8MPa(当前稳态≈16.73MPa,需降≈0.93MPa)。前置团队实测灵敏度≈0.11~0.12MPa/rpm,推算需约-8rpm;受单步≤3rpm硬上限约束,分三步小步逼近:139→136→133→130(末步按实测斜率校准)。本包为首步-3rpm,预期泵压≈16.73-0.35≈16.38MPa。注意:PLC设定回读132rpm为已知回读口径异常(见频道共享记忆15:14基线,14:31:59后无写入,压力16.7MPa与139rpm响应一致),实际有效设定=配方目标139rpm,故本包from按139声明。
     · 演示·熔体泵送单元(OPC UA)·ScrewSpeedSP 139→136rpm | 依据:窗1 14:47~15:17(15s桶,76点)均值16.74MPa(min 16.6/max 17.0,最新16.75@15:17:45);窗2 15:07~15:18稳态12点均值≈16.73MPa。目标15.8MPa需降0.93MPa,按实测斜率0.115MPa/rpm约需-8rpm,分步执行,首步-3rpm验证下行斜率与波动(std现≈0.03MPa,须保持≤0.5)。 | 引用:配方rc-8f9cb3d9版本史v3/v4+根任务2c66290d实测梯度(2026-10-04 14:32~14:35纯稳态窗):+5rpm→+0.61MPa、+6rpm→+0.71MPa、+3rpm→+0.33MPa,斜率0.11~0.12MPa/rpm;经验锚点125→16.1/130→16.4/136→16.7/139→16.73MPa(待本轮实测下行校准)。
[07:19:47] 🚫 首案拒绝(规程:步幅过大)respond code=0 ok
[07:20:23] ────────────────────────────────────
[07:20:23] 🙋 审批单 ap-2eeb2e2c title=整包方案审批:演示配方2
[07:20:23] 📄 detail:
   整包方案审批:配方「演示配方2」v4(产线 演示线2·熔体泵送单元(OPC UA)),1 套候选方案。请在产线页结构化审批卡选择方案批准(或拒绝并附指导);未携带方案序号的批准按拒绝收敛。
   方案「工况B首步·降速-2rpm(139→137)【按人工意见修订:首调步幅≤2rpm】」:下游切换低粘度牌号,需降泵送压力:GOAL=dn-121838ac 3min均值≤15.8MPa(当前稳态≈16.73MPa,需降≈0.93MPa)。已按人工意见把首调步幅从-3rpm改为-2rpm(≤2个最小单位),先小步验证下行响应斜率,后续步再按-3rpm递进(137→134→131→按实测收尾)。本包预期泵压≈16.73-2×0.115≈16.50MPa。注意:PLC设定回读132rpm为已知回读口径异常(频道共享记忆15:14基线:14:31:59后无写入,压力16.7MPa与139rpm响应一致),实际有效设定=配方目标139rpm,故from按139声明。
     · 演示·熔体泵送单元(OPC UA)·ScrewSpeedSP 139→137rpm | 依据:窗1 14:47~15:17(15s桶,76点)均值16.74MPa(min 16.6/max 17.0,最新16.75@15:17:45);窗2 15:07~15:18稳态12点均值≈16.73MPa,波动std≈0.03MPa。目标15.8MPa需降0.93MPa,按实测斜率0.115MPa/rpm约需-8~9rpm;按产线规程首调步幅≤2rpm,本步139→137(-2rpm),预期压降≈0.23MPa→≈16.50MPa,验证下行斜率后再继续。 | 引用:配方rc-8f9cb3d9版本史v3/v4+根任务2c66290d实测梯度(2026-10-04 14:32~14:35纯稳态窗):+5rpm→+0.61MPa、+6rpm→+0.71MPa、+3rpm→+0.33MPa,斜率0.11~0.12MPa/rpm;经验锚点125→16.1/130→16.4/136→16.7/139→16.73MPa(待本轮实测下行校准);人工审批意见2026-10-04 15:2x:「首调后第一次参数变更步幅不得超过2个最小单位」——本包已按此修订为-2rpm。
[07:20:23] 🚫 拒绝(依据无数值证据)respond code=0
[07:20:47] ────────────────────────────────────
[07:20:47] 🙋 审批单 ap-00907448 title=整包方案审批:演示配方2
[07:20:47] 📄 detail:
   整包方案审批:配方「演示配方2」v4(产线 演示线2·熔体泵送单元(OPC UA)),1 套候选方案。请在产线页结构化审批卡选择方案批准(或拒绝并附指导);未携带方案序号的批准按拒绝收敛。
   方案「工况B首步·降速-2rpm(139→137)【数据版】」
     · 演示·熔体泵送单元(OPC UA)·ScrewSpeedSP 139→137rpm | 依据:点位 dn-121838ac MeltPressure。窗A 14:47~15:17(15s桶,76点):均值16.74MPa,min16.6,max17.0,最新16.75@15:17:45。窗B 15:07~15:18(12点稳态):均值16.73MPa,std≈0.03MPa。目标GOAL 3min均值≤15.8MPa→需降0.93MPa;按斜率0.115MPa/rpm约需-8rpm;首调步幅≤2rpm(人工意见),故首步139→137,预期16.73-0.23≈16.50MPa。 | 引用:根任务2c66290d实测梯度(14:32~14:35稳态窗,+5rpm→+0.61MPa/+6rpm→+0.71MPa/+3rpm→+0.33MPa,斜率0.11~0.12MPa/rpm);经验锚点125rpm→16.1/130→16.4/136→16.7/139→16.73MPa(待本轮下行实测校准);人工意见(今日15:2x审批卡):首调步幅不得超过2个最小单位。
[07:20:47] 🚫 拒绝(依据无数值证据)respond code=0
