[07:21:54] === 专家代理v2启动 scenario=B channel=28ab0e17 方向=向下 ===
[07:22:06] ────────────────────────────────────
[07:22:06] 🙋 审批单 ap-89645e8d title=整包方案审批:演示配方2 node=recipe-propose:rc-8f9cb3d9
[07:22:06] 📄 detail:
   整包方案审批:配方「演示配方2」v4(产线 演示线2·熔体泵送单元(OPC UA)),1 套候选方案。请在产线页结构化审批卡选择方案批准(或拒绝并附指导);未携带方案序号的批准按拒绝收敛。
   方案「工况B首步·降速-2rpm(139→137)【补齐数据证据】」:数据证据(点位/时间窗/均值):dn-121838ac MeltPressure — 窗A 14:47~15:17(76点)均值16.74MPa;窗B 15:07~15:18(12点稳态)均值16.73MPa、std≈0.03。GOAL 3min均值≤15.8MPa→需降0.93MPa;按前置团队实测斜率0.115MPa/rpm(根任务2c66290d)约需-8rpm;按人工意见首调步幅≤2rpm,故首步139→137rpm,预期压降≈0.23MPa→≈16.50MPa,验证下行斜率后按-3rpm递进(137→134→131)。注:PLC回读132rpm为已知回读口径异常(共享记忆15:14基线),实际有效设定139rpm,故from按139声明。
     · 演示·熔体泵送单元(OPC UA)·ScrewSpeedSP 139→137rpm | 依据:数据证据:点位 dn-121838ac(MeltPressure,MPa)。窗A 14:47~15:17(15s桶,76点):均值16.74MPa,min16.6,max17.0,最新16.75@15:17:45。窗B 15:07~15:18(12点稳态):均值16.73MPa,std≈0.03MPa。目标GOAL 3min均值≤15.8MPa→需降0.93MPa;按斜率0.115MPa/rpm约需-8rpm;首调步幅≤2rpm(人工意见),首步139→137,预期16.73-0.23≈16.50MPa。 | 引用:根任务2c66290d实测梯度(14:32~14:35稳态窗:+5rpm→+0.61MPa、+6rpm→+0.71MPa、+3rpm→+0.33MPa,斜率0.11~0.12MPa/rpm);经验锚点125rpm→16.1/130→16.4/136→16.7/139→16.73MPa;人工意见(今日15:2x):首调步幅≤2个最小单位。
[07:22:06] ✅ 批准#1 respond code=0
[07:27:31] ────────────────────────────────────
[07:27:31] 🙋 审批单 ap-ab55e4f8 title=整包方案审批:演示配方2 node=recipe-propose:rc-8f9cb3d9
[07:27:31] 📄 detail:
   整包方案审批:配方「演示配方2」v4(产线 演示线2·熔体泵送单元(OPC UA)),1 套候选方案。请在产线页结构化审批卡选择方案批准(或拒绝并附指导);未携带方案序号的批准按拒绝收敛。
   方案「工况B步2·降速-3rpm(137→134)」:步1已按人工意见以-2rpm小步验证下行斜率:实测-2rpm→-0.24MPa(窗15:23:15~15:26:00均值16.49MPa,std≈0.07),斜率0.12MPa/rpm与上行实测(0.11~0.12)对称,波动受控。首调已过,现按常规步幅-3rpm递进:137→134rpm,预期泵压≈16.13MPa(仍高于GOAL 15.8约0.33MPa,下一步134→131收口);等4min惯性后复测校准。
     · 演示·熔体泵送单元(OPC UA)·ScrewSpeedSP 137→134rpm | 依据:步1实测:15:22:06下发139→137rpm后,稳态窗15:23:15~15:26:00(15s桶,12点)均值16.49MPa(min16.4/max16.57),较基线16.74降0.24MPa,斜率≈0.12MPa/rpm(与2c66290d上行斜率0.11~0.12对称),std≈0.07。当前距GOAL 15.8还差0.69MPa;按0.12MPa/rpm需再降≈5.7rpm,分两步-3rpm:本步137→134(预期≈16.49-0.36≈16.13MPa),下步视实测134→131。 | 引用:本轮步1实测(窗口15:23:15~15:26:00,-2rpm→-0.24MPa,斜率0.12MPa/rpm);根任务2c66290d实测梯度(14:32~14:35,+5rpm→+0.61/+6rpm→+0.71/+3rpm→+0.33MPa);经验锚点125→16.1/130→16.4/136→16.7/139→16.73MPa。
[07:27:31] ✅ 批准#2 respond code=0
[07:32:07] ────────────────────────────────────
[07:32:07] 🙋 审批单 ap-668b5630 title=整包方案审批:演示配方2 node=recipe-propose:rc-8f9cb3d9
[07:32:07] 📄 detail:
   整包方案审批:配方「演示配方2」v4(产线 演示线2·熔体泵送单元(OPC UA)),1 套候选方案。请在产线页结构化审批卡选择方案批准(或拒绝并附指导);未携带方案序号的批准按拒绝收敛。
   方案「工况B步3·降速-3rpm(134→131,预计近收口)」:步1/步2连续两次实测校准:斜率稳定在0.11~0.12MPa/rpm,波动std≈0.05~0.07远低于0.5限值,下行线性良好。按实测外推,134→131rpm预期泵压≈15.82MPa,逼近GOAL 15.8;预留131→130(-1rpm)微调空间作收口。等4min惯性后复测,达标即停,不追求超调。
     · 演示·熔体泵送单元(OPC UA)·ScrewSpeedSP 134→131rpm | 依据:步2实测:15:27:xx下发137→134rpm后,稳态窗15:28:15~15:31:30(15s桶,11点)均值16.16MPa(min16.1/max16.25,std≈0.05),较步1的16.49降0.33MPa,斜率≈0.11MPa/rpm,与预期16.13吻合。距GOAL 15.8还差0.36MPa;按0.11~0.12MPa/rpm,本步-3rpm预期16.16-0.34≈15.82MPa,贴线;若复测>15.8再以-1rpm微调(131→130)收口。 | 引用:本轮步1/步2实测标定:139→137→134rpm对应16.73→16.49→16.16MPa(累计-0.57MPa/-5rpm,斜率≈0.114MPa/rpm);根任务2c66290d上行梯度0.11~0.12MPa/rpm;经验锚点130rpm→16.4MPa(注意本轮实测斜率与历史锚点存在系统性偏差,以本轮实测为准)。
[07:32:07] ✅ 批准#3 respond code=0
[07:33:07] ────────────────────────────────────
[07:33:07] 🙋 审批单 ap-73d42d71 title=整包方案审批:演示配方2 node=recipe-propose:rc-8f9cb3d9
[07:33:07] 📄 detail:
   整包方案审批:配方「演示配方2」v4(产线 演示线2·熔体泵送单元(OPC UA)),1 套候选方案。请在产线页结构化审批卡选择方案批准(或拒绝并附指导);未携带方案序号的批准按拒绝收敛。
   方案「工况B步3·降速-3rpm(134→131,预计近收口)」:步1/步2连续两次实测校准:斜率稳定在0.11~0.12MPa/rpm,波动std≈0.05~0.07远低于0.5限值,下行线性良好。按实测外推,134→131rpm预期泵压≈15.82MPa,逼近GOAL 15.8;预留131→130(-1rpm)微调空间作收口。等4min惯性后复测,达标即停,不追求超调。前次提交因300s节拍窗被拦,产线无任何变更,现节拍已放行。
     · 演示·熔体泵送单元(OPC UA)·ScrewSpeedSP 134→131rpm | 依据:步2实测:15:27下发137→134rpm后,稳态窗15:28:15~15:31:30(15s桶,11点)均值16.16MPa(min16.1/max16.25,std≈0.05),较步1的16.49降0.33MPa,斜率≈0.11MPa/rpm,与预期16.13吻合。距GOAL 15.8还差0.36MPa;按0.11~0.12MPa/rpm,本步-3rpm预期16.16-0.34≈15.82MPa,贴线;若复测>15.8再以-1rpm微调(131→130)收口。 | 引用:本轮步1/步2实测标定:139→137→134rpm对应16.73→16.49→16.16MPa(累计-0.57MPa/-5rpm,斜率≈0.114MPa/rpm);根任务2c66290d上行梯度0.11~0.12MPa/rpm;经验锚点130rpm→16.4MPa(本轮实测与历史锚点存在系统性偏差,以本轮实测为准)。
[07:33:07] ✅ 批准#4 respond code=0
[07:37:56] ────────────────────────────────────
[07:37:56] 🙋 审批单 ap-638d61e8 title=整包方案审批:演示配方2 node=recipe-propose:rc-8f9cb3d9
[07:37:56] 📄 detail:
   整包方案审批:配方「演示配方2」v4(产线 演示线2·熔体泵送单元(OPC UA)),1 套候选方案。请在产线页结构化审批卡选择方案批准(或拒绝并附指导);未携带方案序号的批准按拒绝收敛。
   方案「工况B步4·微调-1rpm(131→130,收口)」:步3已把泵压从16.16压到15.84MPa,距GOAL仅0.04MPa,处于贴线状态(噪声±0.1内随时可能越线)。按实测斜率0.107MPa/rpm,再-1rpm(131→130)即可达≈15.73MPa并留裕度;步幅远小于单步上限3rpm,过调风险低。达标即停,不再加码。
     · 演示·熔体泵送单元(OPC UA)·ScrewSpeedSP 131→130rpm | 依据:步3实测:15:33下发134→131rpm后,3min窗15:34:15~15:37:15(15s桶,12点)均值15.84MPa(min15.7/max15.88,std≈0.06,最新15.8@15:37:15)。GOAL要求3min均值≤15.8,当前差0.04MPa,贴线未达;按本轮实测斜率0.107MPa/rpm,-1rpm预期15.84-0.11≈15.73MPa,留≈0.07MPa裕度覆盖±0.1噪声。 | 引用:本轮四级标定曲线:139→16.73/137→16.49/134→16.16/131→15.84MPa(累计-0.89MPa/-8rpm,斜率0.107~0.12MPa/rpm);根任务2c66290d上行梯度0.11~0.12MPa/rpm。
[07:37:56] ✅ 批准#5 respond code=0
[07:38:44] ────────────────────────────────────
[07:38:44] 🙋 审批单 ap-9ddbd639 title=整包方案审批:演示配方2 node=recipe-propose:rc-8f9cb3d9
[07:38:44] 📄 detail:
   整包方案审批:配方「演示配方2」v4(产线 演示线2·熔体泵送单元(OPC UA)),1 套候选方案。请在产线页结构化审批卡选择方案批准(或拒绝并附指导);未携带方案序号的批准按拒绝收敛。
   方案「工况B步4·微调-1rpm(131→130,收口)」:步3已把泵压从16.16压到15.84MPa,距GOAL仅0.04MPa,处于贴线状态(噪声±0.1内随时可能越线)。按实测斜率0.107MPa/rpm,再-1rpm(131→130)即可达≈15.73MPa并留裕度;步幅远小于单步上限3rpm,过调风险低。达标即停,不再加码。前次提交因300s节拍窗被拦,产线无任何变更,现节拍已放行。
     · 演示·熔体泵送单元(OPC UA)·ScrewSpeedSP 131→130rpm | 依据:步3实测:15:33下发134→131rpm后,3min窗15:34:15~15:37:15(15s桶,12点)均值15.84MPa(min15.7/max15.88,std≈0.06,最新15.8@15:37:15)。GOAL要求3min均值≤15.8,当前差0.04MPa,贴线未达;按本轮实测斜率0.107MPa/rpm,-1rpm预期15.84-0.11≈15.73MPa,留≈0.07MPa裕度覆盖±0.1噪声。 | 引用:本轮四级标定曲线:139→16.73/137→16.49/134→16.16/131→15.84MPa(累计-0.89MPa/-8rpm,斜率0.107~0.12MPa/rpm);根任务2c66290d上行梯度0.11~0.12MPa/rpm。
[07:38:44] ✅ 批准#6 respond code=0
[07:43:56] ────────────────────────────────────
[07:43:56] 🙋 审批单 ap-76842a19 title=配方参数写入审批 node=recipe:rc-8f9cb3d9
[07:43:56] 📄 detail:
   配方参数写入:「演示配方2」v4 拟保存 演示·熔体泵送单元(OPC UA)·ScrewSpeedSP 139→130rpm | 理由:工况B泵压下调达标固化(GOAL 3min均值≤15.8MPa)。四级HITL批准下发实测:139→16.73/137→16.49/134→16.16/131→15.84/130→15.69MPa,下行斜率0.107~0.12MPa/rpm。达标验证窗15:40:00~15:42:45(15s桶,12点):均值15.69MPa(min15.5/max15.8),std≈0.06≤0.5,最新15.67@15:42:45。130rpm带≈0.11MPa裕度,波动受控。把运行值130固化进配方,消除运行值与配方版本(v4=139)不一致,防止后续recipe_apply误回139。 | 批准=写入新版本(不下发产线);拒绝可附指导
[07:43:56] ✅ 批准#7 respond code=0
[07:44:44] === 本场景任务终态(COMPLETED),专家代理退出 ===
[07:44:44] === 结束统计: 批准7 拒绝0 ===
